Kronos daily run — 2026-07-23
Watchlist: AAPL, NVDA, RGTI, TSLA, AMD, GOOGL, GOOG, AMZN, MSFT, COIN, META, IBM, JOBY, SNOW, VOO, QQQ, SPOT, ACHR, UBER, MSTR, GLD, WBD, NFLX, AVAV, RKLB, TSM, LRCX, AVGO, SPCX
Loading model...
  done in 2.3s

AAPL
  forecast done in 98.4s (30 paths)
  [swing] Bearish (unreliable) (100.0%) — 7-day expected move -12.36%, 100% of paths agree. Flagged unreliable: 12.4% exceeds the ~12.1% plausible range for 7d given recent volatility — likely model drift, not a real signal.
  [trend_200d] Diverging (100.0%) — Price is above 200-day avg ($275.27); 30-day forecast trends down (-18.41%) — diverges from the trend
  [vol_breakout] Breakout candidate (76.7%) — 77% of paths show higher volatility than recent history (direction ambiguous)

NVDA
  forecast done in 98.1s (30 paths)
  [daytrade] Bullish (76.7%) — Day-1 expected move +0.76%, 77% of paths agree
  [swing] Bearish (96.7%) — 7-day expected move -2.91%, 97% of paths agree
  [trend_200d] Diverging (100.0%) — Price is above 200-day avg ($192.60); 30-day forecast trends down (-10.17%) — diverges from the trend

RGTI
  forecast done in 95.7s (30 paths)
  [daytrade] Bullish (80.0%) — Day-1 expected move +0.55%, 80% of paths agree
  [swing] Bullish (83.3%) — 7-day expected move +6.94%, 83% of paths agree
  [trend_200d] Diverging (100.0%) — Price is below 200-day avg ($22.90); 30-day forecast trends up (+27.68%) — diverges from the trend

TSLA
  forecast done in 95.5s (30 paths)
  [daytrade] Bullish (100.0%) — Day-1 expected move +8.90%, 100% of paths agree
  [swing] Bullish (unreliable) (100.0%) — 7-day expected move +26.59%, 100% of paths agree. Flagged unreliable: 26.6% exceeds the ~23.6% plausible range for 7d given recent volatility — likely model drift, not a real signal.
  [trend_200d] Diverging (100.0%) — Price is below 200-day avg ($415.39); 30-day forecast trends up (+38.24%) — diverges from the trend
  [mean_reversion] Reversion candidate (up) (unreliable) (100.0%) — Price is 3.1 std devs below its 20-day average; forecast leans toward reversion. Flagged unreliable: 26.6% exceeds the ~23.6% plausible range for 7d given recent volatility — likely model drift, not a real signal.

AMD
  forecast done in 95.3s (30 paths)
  [daytrade] Bearish (90.0%) — Day-1 expected move -3.92%, 90% of paths agree
  [swing] Bearish (unreliable) (100.0%) — 7-day expected move -36.10%, 100% of paths agree. Flagged unreliable: 36.1% exceeds the ~35.2% plausible range for 7d given recent volatility — likely model drift, not a real signal.
  [trend_200d] Diverging (100.0%) — Price is above 200-day avg ($304.08); 30-day forecast trends down (-53.81%) — diverges from the trend
  [vol_breakout] Breakout candidate (100.0%) — 100% of paths show higher volatility than recent history (direction ambiguous)

GOOGL
  forecast done in 96.1s (30 paths)
  [daytrade] Bullish (73.3%) — Day-1 expected move +1.56%, 73% of paths agree
  [swing] Bullish (90.0%) — 7-day expected move +5.76%, 90% of paths agree
  [trend_200d] Diverging (100.0%) — Price is below 200-day avg ($323.25); 30-day forecast trends up (+6.64%) — diverges from the trend
  [mean_reversion] Reversion candidate (up) (90.0%) — Price is 2.9 std devs below its 20-day average; forecast leans toward reversion

GOOG
  forecast done in 96.0s (30 paths)
  [swing] Bullish (80.0%) — 7-day expected move +3.57%, 80% of paths agree
  [trend_200d] Diverging (100.0%) — Price is below 200-day avg ($322.52); 30-day forecast trends up (+6.49%) — diverges from the trend
  [vol_breakout] Breakout candidate (63.3%) — 63% of paths show higher volatility than recent history (direction ambiguous)
  [mean_reversion] Reversion candidate (up) (80.0%) — Price is 2.9 std devs below its 20-day average; forecast leans toward reversion

AMZN
  forecast done in 108.0s (30 paths)
  [daytrade] Bullish (73.3%) — Day-1 expected move +1.38%, 73% of paths agree
  [swing] Bullish (66.7%) — 7-day expected move +2.65%, 67% of paths agree
  [trend_200d] Diverging (63.3%) — Price is below 200-day avg ($234.53); 30-day forecast trends up (+1.57%) — diverges from the trend
  [mean_reversion] Reversion candidate (up) (66.7%) — Price is 1.5 std devs below its 20-day average; forecast leans toward reversion

MSFT
  forecast done in 100.6s (30 paths)
  [daytrade] Bullish (83.3%) — Day-1 expected move +0.76%, 83% of paths agree
  [swing] Bullish (73.3%) — 7-day expected move +2.10%, 73% of paths agree
  [trend_200d] Diverging (96.7%) — Price is below 200-day avg ($435.43); 30-day forecast trends up (+10.13%) — diverges from the trend

COIN
  forecast done in 96.1s (30 paths)
  [daytrade] Bullish (80.0%) — Day-1 expected move +2.67%, 80% of paths agree
  [swing] Bullish (90.0%) — 7-day expected move +7.74%, 90% of paths agree
  [trend_200d] Diverging (100.0%) — Price is below 200-day avg ($218.86); 30-day forecast trends up (+28.30%) — diverges from the trend

META
  forecast done in 94.6s (30 paths)
  [swing] Bullish (96.7%) — 7-day expected move +6.69%, 97% of paths agree
  [trend_200d] Diverging (96.7%) — Price is below 200-day avg ($637.72); 30-day forecast trends up (+8.35%) — diverges from the trend

IBM
  forecast done in 92.6s (30 paths)
  [daytrade] Bearish (60.0%) — Day-1 expected move -0.58%, 60% of paths agree
  [swing] Bullish (100.0%) — 7-day expected move +13.48%, 100% of paths agree
  [trend_200d] Diverging (100.0%) — Price is below 200-day avg ($269.99); 30-day forecast trends up (+31.13%) — diverges from the trend

JOBY
  forecast done in 93.3s (30 paths)
  [swing] Bullish (90.0%) — 7-day expected move +11.85%, 90% of paths agree
  [trend_200d] Diverging (100.0%) — Price is below 200-day avg ($11.71); 30-day forecast trends up (+35.48%) — diverges from the trend

SNOW
  forecast done in 91.6s (30 paths)
  [daytrade] Bullish (70.0%) — Day-1 expected move +1.10%, 70% of paths agree
  [trend_200d] Diverging (100.0%) — Price is above 200-day avg ($209.43); 30-day forecast trends down (-17.14%) — diverges from the trend

VOO
  forecast done in 94.7s (30 paths)
  [swing] Bearish (96.7%) — 7-day expected move -2.74%, 97% of paths agree
  [trend_200d] Diverging (100.0%) — Price is above 200-day avg ($638.74); 30-day forecast trends down (-8.41%) — diverges from the trend

QQQ
  forecast done in 93.6s (30 paths)
  [swing] Bearish (100.0%) — 7-day expected move -3.63%, 100% of paths agree
  [trend_200d] Diverging (100.0%) — Price is above 200-day avg ($641.52); 30-day forecast trends down (-11.27%) — diverges from the trend
  [vol_breakout] Breakout candidate (76.7%) — 77% of paths show higher volatility than recent history (direction ambiguous)

SPOT
  forecast done in 94.3s (30 paths)
  [daytrade] Bearish (96.7%) — Day-1 expected move -1.43%, 97% of paths agree
  [swing] Bearish (80.0%) — 7-day expected move -1.91%, 80% of paths agree
  [trend_200d] Diverging (100.0%) — Price is below 200-day avg ($529.02); 30-day forecast trends up (+12.77%) — diverges from the trend

ACHR
  forecast done in 97.4s (30 paths)
  [daytrade] Bullish (73.3%) — Day-1 expected move +1.91%, 73% of paths agree
  [swing] Bullish (86.7%) — 7-day expected move +8.00%, 87% of paths agree
  [trend_200d] Diverging (100.0%) — Price is below 200-day avg ($7.22); 30-day forecast trends up (+27.85%) — diverges from the trend

UBER
  forecast done in 97.2s (30 paths)
  [daytrade] Bullish (90.0%) — Day-1 expected move +1.53%, 90% of paths agree
  [swing] Bullish (100.0%) — 7-day expected move +3.95%, 100% of paths agree
  [trend_200d] Diverging (100.0%) — Price is below 200-day avg ($79.40); 30-day forecast trends up (+14.24%) — diverges from the trend
  [mean_reversion] Reversion candidate (up) (100.0%) — Price is 2.4 std devs below its 20-day average; forecast leans toward reversion

MSTR
  forecast done in 94.2s (30 paths)
  [daytrade] Bullish (73.3%) — Day-1 expected move +6.98%, 73% of paths agree
  [swing] Bullish (100.0%) — 7-day expected move +22.60%, 100% of paths agree
  [trend_200d] Diverging (100.0%) — Price is below 200-day avg ($164.78); 30-day forecast trends up (+56.81%) — diverges from the trend
  [vol_breakout] Breakout candidate (86.7%) — 87% of paths show higher volatility than recent history (direction ambiguous)

GLD
  forecast done in 93.8s (30 paths)
  [swing] Bullish (90.0%) — 7-day expected move +3.63%, 90% of paths agree
  [trend_200d] Diverging (100.0%) — Price is below 200-day avg ($411.76); 30-day forecast trends up (+18.28%) — diverges from the trend

WBD
  forecast done in 94.7s (30 paths)
  [trend_200d] Diverging (76.7%) — Price is below 200-day avg ($26.24); 30-day forecast trends up (+3.11%) — diverges from the trend

NFLX
  forecast done in 93.8s (30 paths)
  [daytrade] Bullish (83.3%) — Day-1 expected move +2.72%, 83% of paths agree
  [swing] Bullish (100.0%) — 7-day expected move +16.52%, 100% of paths agree
  [trend_200d] Diverging (100.0%) — Price is below 200-day avg ($92.76); 30-day forecast trends up (+37.13%) — diverges from the trend
  [vol_breakout] Breakout candidate (73.3%) — 73% of paths show higher volatility than recent history (direction ambiguous)

AVAV
  forecast done in 93.5s (30 paths)
  [daytrade] Bullish (63.3%) — Day-1 expected move +1.97%, 63% of paths agree
  [swing] Bullish (66.7%) — 7-day expected move +4.00%, 67% of paths agree
  [trend_200d] Diverging (100.0%) — Price is below 200-day avg ($243.39); 30-day forecast trends up (+31.52%) — diverges from the trend
  [vol_breakout] Breakout candidate (83.3%) — 83% of paths show higher volatility than recent history (direction ambiguous)

RKLB
  forecast done in 95.7s (30 paths)
  [daytrade] Bearish (86.7%) — Day-1 expected move -4.92%, 87% of paths agree
  [swing] Bearish (83.3%) — 7-day expected move -10.55%, 83% of paths agree
  [trend_200d] Diverging (93.3%) — Price is below 200-day avg ($77.77); 30-day forecast trends up (+17.83%) — diverges from the trend

TSM
  forecast done in 95.8s (30 paths)
  [daytrade] Bearish (83.3%) — Day-1 expected move -1.68%, 83% of paths agree
  [swing] Bearish (100.0%) — 7-day expected move -9.49%, 100% of paths agree
  [trend_200d] Diverging (100.0%) — Price is above 200-day avg ($352.96); 30-day forecast trends down (-15.50%) — diverges from the trend

LRCX
  forecast done in 101.0s (30 paths)
  [daytrade] Bearish (83.3%) — Day-1 expected move -2.80%, 83% of paths agree
  [swing] Bearish (100.0%) — 7-day expected move -14.56%, 100% of paths agree
  [trend_200d] Diverging (100.0%) — Price is above 200-day avg ($236.44); 30-day forecast trends down (-23.77%) — diverges from the trend
  [vol_breakout] Breakout candidate (66.7%) — 67% of paths show higher volatility than recent history (direction ambiguous)

AVGO
  forecast done in 98.2s (30 paths)
  [daytrade] Bearish (73.3%) — Day-1 expected move -1.17%, 73% of paths agree
  [swing] Bearish (83.3%) — 7-day expected move -4.98%, 83% of paths agree
  [trend_200d] Diverging (96.7%) — Price is above 200-day avg ($363.59); 30-day forecast trends down (-7.10%) — diverges from the trend

SPCX
  skipped: Not enough history for SPCX: got 28 rows, need 200.

Done. Results saved to /Users/marcoapicella/Desktop/kronos-daily/results.db
